// Jest Snapshot v1, https://goo.gl/fbAQLP

exports[`renders correctly 1`] = `
<div
  class="buttonWrapper"
>
  <button
    id="saveButton"
    type="button"
  >
    Save
  </button>
</div>
`;
