// Jest Snapshot v1, https://goo.gl/fbAQLP

exports[`renders correctly 1`] = `
<div
  class="buttonWrapper"
>
  <button
    id="clearButton"
    type="button"
  >
    Clear
  </button>
</div>
`;
